#-----------------------------------------------------------
# Vivado v2023.2 (64-bit)
# SW Build 4029153 on Fri Oct 13 20:13:54 MDT 2023
# IP Build 4028589 on Sat Oct 14 00:45:43 MDT 2023
# SharedData Build 4025554 on Tue Oct 10 17:18:54 MDT 2023
# Start of session at: Tue Aug 27 14:06:50 2024
# Process ID: 3991744
# Current directory: /home/iitg/Desktop/AjitIITG/AjitIITG/1x1x32.iitg/vck190/clock_ip/new10/clk_wiz_0/clk_wiz_0.runs/clk_wizard_0_synth_1
# Command line: vivado -log clk_wizard_0.vds -product Vivado -mode batch -messageDb vivado.pb -notrace -source clk_wizard_0.tcl
# Log file: /home/iitg/Desktop/AjitIITG/AjitIITG/1x1x32.iitg/vck190/clock_ip/new10/clk_wiz_0/clk_wiz_0.runs/clk_wizard_0_synth_1/clk_wizard_0.vds
# Journal file: /home/iitg/Desktop/AjitIITG/AjitIITG/1x1x32.iitg/vck190/clock_ip/new10/clk_wiz_0/clk_wiz_0.runs/clk_wizard_0_synth_1/vivado.jou
# Running On: iitg-Precision-3660, OS: Linux, CPU Frequency: 2159.419 MHz, CPU Physical cores: 16, Host memory: 33317 MB
#-----------------------------------------------------------
source clk_wizard_0.tcl -notrace
