#-----------------------------------------------------------
# Vivado v2023.2 (64-bit)
# SW Build 4029153 on Fri Oct 13 20:13:54 MDT 2023
# IP Build 4028589 on Sat Oct 14 00:45:43 MDT 2023
# SharedData Build 4025554 on Tue Oct 10 17:18:54 MDT 2023
# Start of session at: Fri Aug 16 10:30:06 2024
# Process ID: 2657944
# Current directory: /home/iitg/Desktop/AjitIITG/AjitIITG/1x1x32.iitg/zc706_new_acc/vivado_synth
# Command line: vivado
# Log file: /home/iitg/Desktop/AjitIITG/AjitIITG/1x1x32.iitg/zc706_new_acc/vivado_synth/vivado.log
# Journal file: /home/iitg/Desktop/AjitIITG/AjitIITG/1x1x32.iitg/zc706_new_acc/vivado_synth/vivado.jou
# Running On: iitg-Precision-3660, OS: Linux, CPU Frequency: 800.394 MHz, CPU Physical cores: 16, Host memory: 33317 MB
#-----------------------------------------------------------
start_gui
open_hw_manager
connect_hw_server -allow_non_jtag
open_hw_target
current_hw_device [get_hw_devices xc7z045_1]
refresh_hw_device -update_hw_probes false [lindex [get_hw_devices xc7z045_1] 0]
set_property PROBES.FILE {} [get_hw_devices xc7z045_1]
set_property FULL_PROBES.FILE {} [get_hw_devices xc7z045_1]
set_property PROGRAM.FILE {/home/iitg/Desktop/AjitIITG/AjitIITG/1x1x32.iitg/zc706_new_acc/bitfiles/processor_1x1x32_lite.ajit_accelerator_afb5.zc706.bit} [get_hw_devices xc7z045_1]
program_hw_devices [get_hw_devices xc7z045_1]
refresh_hw_device [lindex [get_hw_devices xc7z045_1] 0]
set_property PROBES.FILE {} [get_hw_devices xc7z045_1]
set_property FULL_PROBES.FILE {} [get_hw_devices xc7z045_1]
set_property PROGRAM.FILE {/home/iitg/Desktop/AjitIITG/AjitIITG/1x1x32.iitg/zc706_new_acc/bitfiles/processor_1x1x32_lite.ajit_accelerator_afb3.zc706.bit} [get_hw_devices xc7z045_1]
program_hw_devices [get_hw_devices xc7z045_1]
refresh_hw_device [lindex [get_hw_devices xc7z045_1] 0]
set_property PROBES.FILE {} [get_hw_devices xc7z045_1]
set_property FULL_PROBES.FILE {} [get_hw_devices xc7z045_1]
set_property PROGRAM.FILE {/home/iitg/Desktop/AjitIITG/AjitIITG/1x1x32.iitg/zc706_new_acc/bitfiles/processor_1x1x32_lite.ajit_accelerator_afb3.zc706.bit} [get_hw_devices xc7z045_1]
program_hw_devices [get_hw_devices xc7z045_1]
refresh_hw_device [lindex [get_hw_devices xc7z045_1] 0]
set_property PROBES.FILE {} [get_hw_devices xc7z045_1]
set_property FULL_PROBES.FILE {} [get_hw_devices xc7z045_1]
set_property PROGRAM.FILE {/home/iitg/Desktop/AjitIITG/AjitIITG/1x1x32.iitg/zc706_new_acc/bitfiles/processor_1x1x32_lite.ajit_accelerator_afb3.zc706.bit} [get_hw_devices xc7z045_1]
program_hw_devices [get_hw_devices xc7z045_1]
refresh_hw_device [lindex [get_hw_devices xc7z045_1] 0]
set_property PROBES.FILE {} [get_hw_devices xc7z045_1]
set_property FULL_PROBES.FILE {} [get_hw_devices xc7z045_1]
set_property PROGRAM.FILE {/home/iitg/Desktop/AjitIITG/AjitIITG/1x1x32.iitg/zc706_new_acc/bitfiles/processor_1x1x32_lite.ajit_accelerator_afb3.zc706.bit} [get_hw_devices xc7z045_1]
program_hw_devices [get_hw_devices xc7z045_1]
refresh_hw_device [lindex [get_hw_devices xc7z045_1] 0]
set_property PROBES.FILE {} [get_hw_devices xc7z045_1]
set_property FULL_PROBES.FILE {} [get_hw_devices xc7z045_1]
set_property PROGRAM.FILE {/home/iitg/Desktop/AjitIITG/AjitIITG/1x1x32.iitg/zc706_new_acc/bitfiles/processor_1x1x32_lite.ajit_accelerator_afb3.zc706.bit} [get_hw_devices xc7z045_1]
program_hw_devices [get_hw_devices xc7z045_1]
refresh_hw_device [lindex [get_hw_devices xc7z045_1] 0]
set_property PROBES.FILE {} [get_hw_devices xc7z045_1]
set_property FULL_PROBES.FILE {} [get_hw_devices xc7z045_1]
set_property PROGRAM.FILE {/home/iitg/Desktop/AjitIITG/AjitIITG/1x1x32.iitg/zc706_new_acc/bitfiles/processor_1x1x32_lite.ajit_accelerator_afb3.zc706.bit} [get_hw_devices xc7z045_1]
program_hw_devices [get_hw_devices xc7z045_1]
refresh_hw_device [lindex [get_hw_devices xc7z045_1] 0]
set_property PROBES.FILE {} [get_hw_devices xc7z045_1]
set_property FULL_PROBES.FILE {} [get_hw_devices xc7z045_1]
set_property PROGRAM.FILE {/home/iitg/Desktop/AjitIITG/AjitIITG/1x1x32.iitg/zc706_new_acc/bitfiles/processor_1x1x32_lite.ajit_accelerator_afb3.zc706.bit} [get_hw_devices xc7z045_1]
program_hw_devices [get_hw_devices xc7z045_1]
refresh_hw_device [lindex [get_hw_devices xc7z045_1] 0]
set_property PROBES.FILE {} [get_hw_devices xc7z045_1]
set_property FULL_PROBES.FILE {} [get_hw_devices xc7z045_1]
set_property PROGRAM.FILE {/home/iitg/Desktop/AjitIITG/AjitIITG/1x1x32.iitg/zc706_new_acc/bitfiles/processor_1x1x32_lite.ajit_accelerator_afb6.zc706.bit} [get_hw_devices xc7z045_1]
program_hw_devices [get_hw_devices xc7z045_1]
refresh_hw_device [lindex [get_hw_devices xc7z045_1] 0]
set_property PROBES.FILE {} [get_hw_devices xc7z045_1]
set_property FULL_PROBES.FILE {} [get_hw_devices xc7z045_1]
set_property PROGRAM.FILE {/home/iitg/Desktop/AjitIITG/AjitIITG/1x1x32.iitg/zc706_new_acc/bitfiles/processor_1x1x32_lite.ajit_accelerator_afb4.zc706.bit} [get_hw_devices xc7z045_1]
program_hw_devices [get_hw_devices xc7z045_1]
refresh_hw_device [lindex [get_hw_devices xc7z045_1] 0]
set_property PROBES.FILE {} [get_hw_devices xc7z045_1]
set_property FULL_PROBES.FILE {} [get_hw_devices xc7z045_1]
set_property PROGRAM.FILE {/home/iitg/Desktop/AjitIITG/AjitIITG/1x1x32.iitg/zc706_new_acc/bitfiles/processor_1x1x32_lite.ajit_accelerator_afb3.zc706.bit} [get_hw_devices xc7z045_1]
program_hw_devices [get_hw_devices xc7z045_1]
refresh_hw_device [lindex [get_hw_devices xc7z045_1] 0]
set_property PROBES.FILE {} [get_hw_devices xc7z045_1]
set_property FULL_PROBES.FILE {} [get_hw_devices xc7z045_1]
set_property PROGRAM.FILE {/home/iitg/Desktop/AjitIITG/AjitIITG/1x1x32.iitg/zc706_new_acc/bitfiles/processor_1x1x32_lite.ajit_accelerator_afb3.zc706.bit} [get_hw_devices xc7z045_1]
program_hw_devices [get_hw_devices xc7z045_1]
refresh_hw_device [lindex [get_hw_devices xc7z045_1] 0]
set_property PROBES.FILE {} [get_hw_devices xc7z045_1]
set_property FULL_PROBES.FILE {} [get_hw_devices xc7z045_1]
set_property PROGRAM.FILE {/home/iitg/Desktop/AjitIITG/AjitIITG/1x1x32.iitg/zc706_new_acc/bitfiles/processor_1x1x32_lite.ajit_accelerator_afb3.zc706.bit} [get_hw_devices xc7z045_1]
program_hw_devices [get_hw_devices xc7z045_1]
refresh_hw_device [lindex [get_hw_devices xc7z045_1] 0]
set_property PROBES.FILE {} [get_hw_devices xc7z045_1]
set_property FULL_PROBES.FILE {} [get_hw_devices xc7z045_1]
set_property PROGRAM.FILE {/home/iitg/Desktop/AjitIITG/AjitIITG/1x1x32.iitg/zc706_new_acc/bitfiles/processor_1x1x32_lite.ajit_accelerator_afb4.zc706.bit} [get_hw_devices xc7z045_1]
program_hw_devices [get_hw_devices xc7z045_1]
refresh_hw_device [lindex [get_hw_devices xc7z045_1] 0]
set_property PROBES.FILE {} [get_hw_devices xc7z045_1]
set_property FULL_PROBES.FILE {} [get_hw_devices xc7z045_1]
set_property PROGRAM.FILE {/home/iitg/Desktop/AjitIITG/AjitIITG/1x1x32.iitg/zc706_new_acc/bitfiles/processor_1x1x32_lite.ajit_accelerator_afb1.zc706.bit} [get_hw_devices xc7z045_1]
program_hw_devices [get_hw_devices xc7z045_1]
refresh_hw_device [lindex [get_hw_devices xc7z045_1] 0]
set_property PROBES.FILE {} [get_hw_devices xc7z045_1]
set_property FULL_PROBES.FILE {} [get_hw_devices xc7z045_1]
set_property PROGRAM.FILE {/home/iitg/Desktop/AjitIITG/AjitIITG/1x1x32.iitg/zc706_new_acc/bitfiles/processor_1x1x32_lite.ajit_accelerator_afb4.zc706.bit} [get_hw_devices xc7z045_1]
program_hw_devices [get_hw_devices xc7z045_1]
refresh_hw_device [lindex [get_hw_devices xc7z045_1] 0]
set_property PROBES.FILE {} [get_hw_devices xc7z045_1]
set_property FULL_PROBES.FILE {} [get_hw_devices xc7z045_1]
set_property PROGRAM.FILE {/home/iitg/Desktop/AjitIITG/AjitIITG/1x1x32.iitg/zc706_new_acc/bitfiles/processor_1x1x32_lite.ajit_accelerator_afb3.zc706.bit} [get_hw_devices xc7z045_1]
program_hw_devices [get_hw_devices xc7z045_1]
refresh_hw_device [lindex [get_hw_devices xc7z045_1] 0]
set_property PROBES.FILE {} [get_hw_devices xc7z045_1]
set_property FULL_PROBES.FILE {} [get_hw_devices xc7z045_1]
set_property PROGRAM.FILE {/home/iitg/Desktop/AjitIITG/AjitIITG/1x1x32.iitg/zc706_new_acc/bitfiles/processor_1x1x32_lite.ajit_accelerator_afb3.zc706.bit} [get_hw_devices xc7z045_1]
program_hw_devices [get_hw_devices xc7z045_1]
refresh_hw_device [lindex [get_hw_devices xc7z045_1] 0]
set_property PROBES.FILE {} [get_hw_devices xc7z045_1]
set_property FULL_PROBES.FILE {} [get_hw_devices xc7z045_1]
set_property PROGRAM.FILE {/home/iitg/Desktop/AjitIITG/AjitIITG/1x1x32.iitg/zc706/bitfiles/processor_1x1x32_lite.with_accelerator_zc706.bit} [get_hw_devices xc7z045_1]
program_hw_devices [get_hw_devices xc7z045_1]
refresh_hw_device [lindex [get_hw_devices xc7z045_1] 0]
set_property PROBES.FILE {} [get_hw_devices xc7z045_1]
set_property FULL_PROBES.FILE {} [get_hw_devices xc7z045_1]
set_property PROGRAM.FILE {/home/iitg/Desktop/AjitIITG/AjitIITG/1x1x32.iitg/zc706_new_acc/bitfiles/processor_1x1x32_lite.ajit_accelerator_afb6.zc706.bit} [get_hw_devices xc7z045_1]
program_hw_devices [get_hw_devices xc7z045_1]
refresh_hw_device [lindex [get_hw_devices xc7z045_1] 0]
set_property PROBES.FILE {} [get_hw_devices xc7z045_1]
set_property FULL_PROBES.FILE {} [get_hw_devices xc7z045_1]
set_property PROGRAM.FILE {/home/iitg/Desktop/AjitIITG/AjitIITG/1x1x32.iitg/zc706_new_acc/bitfiles/processor_1x1x32_lite.ajit_accelerator_afb6.zc706.bit} [get_hw_devices xc7z045_1]
program_hw_devices [get_hw_devices xc7z045_1]
refresh_hw_device [lindex [get_hw_devices xc7z045_1] 0]
